[2021-12-14 02:58:43,712]	INFO	[eomisae.py:init_link:22]	>> init_link
[2021-12-14 02:58:43,712]	INFO	[eomisae.py:init_link:22]	>> init_link
[2021-12-14 02:58:53,969]	INFO	[eomisae.py:check_link:41]	>> check_link
[2021-12-14 02:58:53,969]	INFO	[eomisae.py:check_link:41]	>> check_link
[2021-12-14 02:59:05,225]	INFO	[eomisae.py:check_link:41]	>> check_link
[2021-12-14 02:59:05,225]	INFO	[eomisae.py:check_link:41]	>> check_link
[2021-12-14 02:59:15,432]	INFO	[eomisae.py:check_link:41]	>> check_link
[2021-12-14 02:59:15,432]	INFO	[eomisae.py:check_link:41]	>> check_link
[2021-12-14 02:59:25,662]	INFO	[eomisae.py:check_link:41]	>> check_link
[2021-12-14 02:59:25,662]	INFO	[eomisae.py:check_link:41]	>> check_link
[2021-12-14 02:59:35,860]	INFO	[eomisae.py:check_link:41]	>> check_link
[2021-12-14 02:59:35,860]	INFO	[eomisae.py:check_link:41]	>> check_link
[2021-12-14 02:59:37,738]	ERROR	[start_raffle.py:handle_exception:16]	>> Unexpected exception
Traceback (most recent call last):
  File "/Users/thkim/Coding/raffle/start_raffle.py", line 32, in <module>
    time.sleep(1)
KeyboardInterrupt
[2021-12-14 02:59:37,738]	ERROR	[start_raffle.py:handle_exception:16]	>> Unexpected exception
Traceback (most recent call last):
  File "/Users/thkim/Coding/raffle/start_raffle.py", line 32, in <module>
    time.sleep(1)
KeyboardInterrupt
[2021-12-14 02:59:40,756]	INFO	[eomisae.py:init_link:22]	>> start init link
[2021-12-14 02:59:40,756]	INFO	[eomisae.py:init_link:22]	>> start init link
[2021-12-14 02:59:51,004]	INFO	[eomisae.py:check_link:41]	>> check link
[2021-12-14 02:59:51,004]	INFO	[eomisae.py:check_link:41]	>> check link
[2021-12-14 03:00:01,217]	INFO	[eomisae.py:check_link:41]	>> check link
[2021-12-14 03:00:01,217]	INFO	[eomisae.py:check_link:41]	>> check link
[2021-12-14 03:00:09,557]	ERROR	[start_raffle.py:handle_exception:16]	>> Unexpected exception
Traceback (most recent call last):
  File "/Users/thkim/Coding/raffle/start_raffle.py", line 32, in <module>
    time.sleep(1)
KeyboardInterrupt
[2021-12-14 03:00:09,557]	ERROR	[start_raffle.py:handle_exception:16]	>> Unexpected exception
Traceback (most recent call last):
  File "/Users/thkim/Coding/raffle/start_raffle.py", line 32, in <module>
    time.sleep(1)
KeyboardInterrupt
[2021-12-14 03:00:12,322]	INFO	[eomisae.py:init_link:22]	>> start init link
[2021-12-14 03:00:12,322]	INFO	[eomisae.py:init_link:22]	>> start init link
[2021-12-14 03:02:12,914]	INFO	[eomisae.py:check_link:41]	>> check link
[2021-12-14 03:02:12,914]	INFO	[eomisae.py:check_link:41]	>> check link
[2021-12-14 03:04:13,453]	INFO	[eomisae.py:check_link:41]	>> check link
[2021-12-14 03:04:13,453]	INFO	[eomisae.py:check_link:41]	>> check link
[2021-12-14 03:06:13,919]	INFO	[eomisae.py:check_link:41]	>> check link
[2021-12-14 03:06:13,919]	INFO	[eomisae.py:check_link:41]	>> check link
[2021-12-14 03:08:14,406]	INFO	[eomisae.py:check_link:41]	>> check link
[2021-12-14 03:08:14,406]	INFO	[eomisae.py:check_link:41]	>> check link
[2021-12-14 03:10:14,928]	INFO	[eomisae.py:check_link:41]	>> check link
[2021-12-14 03:10:14,928]	INFO	[eomisae.py:check_link:41]	>> check link
[2021-12-14 03:12:15,412]	INFO	[eomisae.py:check_link:41]	>> check link
[2021-12-14 03:12:15,412]	INFO	[eomisae.py:check_link:41]	>> check link
[2021-12-14 03:14:15,932]	INFO	[eomisae.py:check_link:41]	>> check link
[2021-12-14 03:14:15,932]	INFO	[eomisae.py:check_link:41]	>> check link
[2021-12-14 03:16:16,470]	INFO	[eomisae.py:check_link:41]	>> check link
[2021-12-14 03:16:16,470]	INFO	[eomisae.py:check_link:41]	>> check link
[2021-12-14 03:18:16,997]	INFO	[eomisae.py:check_link:41]	>> check link
[2021-12-14 03:18:16,997]	INFO	[eomisae.py:check_link:41]	>> check link
[2021-12-14 03:20:17,495]	INFO	[eomisae.py:check_link:41]	>> check link
[2021-12-14 03:20:17,495]	INFO	[eomisae.py:check_link:41]	>> check link
[2021-12-14 03:22:18,070]	INFO	[eomisae.py:check_link:41]	>> check link
[2021-12-14 03:22:18,070]	INFO	[eomisae.py:check_link:41]	>> check link
[2021-12-14 03:24:18,551]	INFO	[eomisae.py:check_link:41]	>> check link
[2021-12-14 03:24:18,551]	INFO	[eomisae.py:check_link:41]	>> check link
[2021-12-14 03:26:19,100]	INFO	[eomisae.py:check_link:41]	>> check link
[2021-12-14 03:26:19,100]	INFO	[eomisae.py:check_link:41]	>> check link
[2021-12-14 03:28:19,640]	INFO	[eomisae.py:check_link:41]	>> check link
[2021-12-14 03:28:19,640]	INFO	[eomisae.py:check_link:41]	>> check link
[2021-12-14 03:30:20,082]	INFO	[eomisae.py:check_link:41]	>> check link
[2021-12-14 03:30:20,082]	INFO	[eomisae.py:check_link:41]	>> check link
[2021-12-14 03:32:20,598]	INFO	[eomisae.py:check_link:41]	>> check link
[2021-12-14 03:32:20,598]	INFO	[eomisae.py:check_link:41]	>> check link
[2021-12-14 03:34:21,113]	INFO	[eomisae.py:check_link:41]	>> check link
[2021-12-14 03:34:21,113]	INFO	[eomisae.py:check_link:41]	>> check link
[2021-12-14 03:36:21,615]	INFO	[eomisae.py:check_link:41]	>> check link
[2021-12-14 03:36:21,615]	INFO	[eomisae.py:check_link:41]	>> check link
[2021-12-14 03:38:22,192]	INFO	[eomisae.py:check_link:41]	>> check link
[2021-12-14 03:38:22,192]	INFO	[eomisae.py:check_link:41]	>> check link
[2021-12-14 03:40:22,741]	INFO	[eomisae.py:check_link:41]	>> check link
[2021-12-14 03:40:22,741]	INFO	[eomisae.py:check_link:41]	>> check link
[2021-12-14 03:42:23,242]	INFO	[eomisae.py:check_link:41]	>> check link
[2021-12-14 03:42:23,242]	INFO	[eomisae.py:check_link:41]	>> check link
[2021-12-14 03:44:23,745]	INFO	[eomisae.py:check_link:41]	>> check link
[2021-12-14 03:44:23,745]	INFO	[eomisae.py:check_link:41]	>> check link
[2021-12-14 03:46:24,249]	INFO	[eomisae.py:check_link:41]	>> check link
[2021-12-14 03:46:24,249]	INFO	[eomisae.py:check_link:41]	>> check link
[2021-12-14 03:48:24,903]	INFO	[eomisae.py:check_link:41]	>> check link
[2021-12-14 03:48:24,903]	INFO	[eomisae.py:check_link:41]	>> check link
[2021-12-14 03:50:25,387]	INFO	[eomisae.py:check_link:41]	>> check link
[2021-12-14 03:50:25,387]	INFO	[eomisae.py:check_link:41]	>> check link
[2021-12-14 03:52:25,932]	INFO	[eomisae.py:check_link:41]	>> check link
[2021-12-14 03:52:25,932]	INFO	[eomisae.py:check_link:41]	>> check link
[2021-12-14 03:54:26,461]	INFO	[eomisae.py:check_link:41]	>> check link
[2021-12-14 03:54:26,461]	INFO	[eomisae.py:check_link:41]	>> check link
[2021-12-14 03:56:27,095]	INFO	[eomisae.py:check_link:41]	>> check link
[2021-12-14 03:56:27,095]	INFO	[eomisae.py:check_link:41]	>> check link
[2021-12-14 03:58:35,767]	INFO	[eomisae.py:check_link:41]	>> check link
[2021-12-14 03:58:35,767]	INFO	[eomisae.py:check_link:41]	>> check link
[2021-12-14 04:00:44,975]	INFO	[eomisae.py:check_link:41]	>> check link
[2021-12-14 04:00:44,975]	INFO	[eomisae.py:check_link:41]	>> check link
[2021-12-14 04:02:56,990]	INFO	[eomisae.py:check_link:41]	>> check link
[2021-12-14 04:02:56,990]	INFO	[eomisae.py:check_link:41]	>> check link
[2021-12-14 04:05:02,140]	INFO	[eomisae.py:check_link:41]	>> check link
[2021-12-14 04:05:02,140]	INFO	[eomisae.py:check_link:41]	>> check link
[2021-12-14 04:07:25,558]	INFO	[eomisae.py:check_link:41]	>> check link
[2021-12-14 04:07:25,558]	INFO	[eomisae.py:check_link:41]	>> check link
[2021-12-14 04:09:31,068]	INFO	[eomisae.py:check_link:41]	>> check link
[2021-12-14 04:09:31,068]	INFO	[eomisae.py:check_link:41]	>> check link
[2021-12-14 04:11:43,837]	INFO	[eomisae.py:check_link:41]	>> check link
[2021-12-14 04:11:43,837]	INFO	[eomisae.py:check_link:41]	>> check link
[2021-12-14 04:13:59,697]	INFO	[eomisae.py:check_link:41]	>> check link
[2021-12-14 04:13:59,697]	INFO	[eomisae.py:check_link:41]	>> check link
[2021-12-14 04:16:04,709]	INFO	[eomisae.py:check_link:41]	>> check link
[2021-12-14 04:16:04,709]	INFO	[eomisae.py:check_link:41]	>> check link
[2021-12-14 04:18:05,414]	INFO	[eomisae.py:check_link:41]	>> check link
[2021-12-14 04:18:05,414]	INFO	[eomisae.py:check_link:41]	>> check link
[2021-12-14 04:20:06,315]	INFO	[eomisae.py:check_link:41]	>> check link
[2021-12-14 04:20:06,315]	INFO	[eomisae.py:check_link:41]	>> check link
[2021-12-14 04:22:06,890]	INFO	[eomisae.py:check_link:41]	>> check link
[2021-12-14 04:22:06,890]	INFO	[eomisae.py:check_link:41]	>> check link
[2021-12-14 04:24:11,167]	INFO	[eomisae.py:check_link:41]	>> check link
[2021-12-14 04:24:11,167]	INFO	[eomisae.py:check_link:41]	>> check link
[2021-12-14 04:26:16,921]	INFO	[eomisae.py:check_link:41]	>> check link
[2021-12-14 04:26:16,921]	INFO	[eomisae.py:check_link:41]	>> check link
[2021-12-14 04:28:21,743]	INFO	[eomisae.py:check_link:41]	>> check link
[2021-12-14 04:28:21,743]	INFO	[eomisae.py:check_link:41]	>> check link
[2021-12-14 04:30:38,167]	INFO	[eomisae.py:check_link:41]	>> check link
[2021-12-14 04:30:38,167]	INFO	[eomisae.py:check_link:41]	>> check link
[2021-12-14 04:32:45,071]	INFO	[eomisae.py:check_link:41]	>> check link
[2021-12-14 04:32:45,071]	INFO	[eomisae.py:check_link:41]	>> check link
[2021-12-14 04:34:54,883]	INFO	[eomisae.py:check_link:41]	>> check link
[2021-12-14 04:34:54,883]	INFO	[eomisae.py:check_link:41]	>> check link
[2021-12-14 04:37:21,087]	INFO	[eomisae.py:check_link:41]	>> check link
[2021-12-14 04:37:21,087]	INFO	[eomisae.py:check_link:41]	>> check link
[2021-12-14 04:39:32,526]	INFO	[eomisae.py:check_link:41]	>> check link
[2021-12-14 04:39:32,526]	INFO	[eomisae.py:check_link:41]	>> check link
[2021-12-14 04:41:40,659]	INFO	[eomisae.py:check_link:41]	>> check link
[2021-12-14 04:41:40,659]	INFO	[eomisae.py:check_link:41]	>> check link
[2021-12-14 04:43:48,309]	INFO	[eomisae.py:check_link:41]	>> check link
[2021-12-14 04:43:48,309]	INFO	[eomisae.py:check_link:41]	>> check link
[2021-12-14 04:45:48,930]	INFO	[eomisae.py:check_link:41]	>> check link
[2021-12-14 04:45:48,930]	INFO	[eomisae.py:check_link:41]	>> check link
[2021-12-14 04:47:49,479]	INFO	[eomisae.py:check_link:41]	>> check link
[2021-12-14 04:47:49,479]	INFO	[eomisae.py:check_link:41]	>> check link
[2021-12-14 04:49:50,197]	INFO	[eomisae.py:check_link:41]	>> check link
[2021-12-14 04:49:50,197]	INFO	[eomisae.py:check_link:41]	>> check link
[2021-12-14 04:51:51,321]	INFO	[eomisae.py:check_link:41]	>> check link
[2021-12-14 04:51:51,321]	INFO	[eomisae.py:check_link:41]	>> check link
[2021-12-14 04:54:04,968]	INFO	[eomisae.py:check_link:41]	>> check link
[2021-12-14 04:54:04,968]	INFO	[eomisae.py:check_link:41]	>> check link
[2021-12-14 04:56:13,994]	INFO	[eomisae.py:check_link:41]	>> check link
[2021-12-14 04:56:13,994]	INFO	[eomisae.py:check_link:41]	>> check link
[2021-12-14 04:58:40,785]	INFO	[eomisae.py:check_link:41]	>> check link
[2021-12-14 04:58:40,785]	INFO	[eomisae.py:check_link:41]	>> check link
[2021-12-14 05:01:08,248]	INFO	[eomisae.py:check_link:41]	>> check link
[2021-12-14 05:01:08,248]	INFO	[eomisae.py:check_link:41]	>> check link
[2021-12-14 05:03:15,927]	INFO	[eomisae.py:check_link:41]	>> check link
[2021-12-14 05:03:15,927]	INFO	[eomisae.py:check_link:41]	>> check link
[2021-12-14 05:05:32,760]	INFO	[eomisae.py:check_link:41]	>> check link
[2021-12-14 05:05:32,760]	INFO	[eomisae.py:check_link:41]	>> check link
[2021-12-14 05:07:43,379]	INFO	[eomisae.py:check_link:41]	>> check link
[2021-12-14 05:07:43,379]	INFO	[eomisae.py:check_link:41]	>> check link
[2021-12-14 05:09:52,277]	INFO	[eomisae.py:check_link:41]	>> check link
[2021-12-14 05:09:52,277]	INFO	[eomisae.py:check_link:41]	>> check link
[2021-12-14 05:12:00,820]	INFO	[eomisae.py:check_link:41]	>> check link
[2021-12-14 05:12:00,820]	INFO	[eomisae.py:check_link:41]	>> check link
[2021-12-14 05:14:24,340]	INFO	[eomisae.py:check_link:41]	>> check link
[2021-12-14 05:14:24,340]	INFO	[eomisae.py:check_link:41]	>> check link
[2021-12-14 05:16:46,437]	INFO	[eomisae.py:check_link:41]	>> check link
[2021-12-14 05:16:46,437]	INFO	[eomisae.py:check_link:41]	>> check link
[2021-12-14 05:19:11,558]	INFO	[eomisae.py:check_link:41]	>> check link
[2021-12-14 05:19:11,558]	INFO	[eomisae.py:check_link:41]	>> check link
[2021-12-14 05:21:16,915]	INFO	[eomisae.py:check_link:41]	>> check link
[2021-12-14 05:21:16,915]	INFO	[eomisae.py:check_link:41]	>> check link
[2021-12-14 05:23:38,040]	INFO	[eomisae.py:check_link:41]	>> check link
[2021-12-14 05:23:38,040]	INFO	[eomisae.py:check_link:41]	>> check link
[2021-12-14 05:26:02,462]	INFO	[eomisae.py:check_link:41]	>> check link
[2021-12-14 05:26:02,462]	INFO	[eomisae.py:check_link:41]	>> check link
[2021-12-14 05:28:11,384]	INFO	[eomisae.py:check_link:41]	>> check link
[2021-12-14 05:28:11,384]	INFO	[eomisae.py:check_link:41]	>> check link
[2021-12-14 05:30:18,128]	INFO	[eomisae.py:check_link:41]	>> check link
[2021-12-14 05:30:18,128]	INFO	[eomisae.py:check_link:41]	>> check link
[2021-12-14 05:32:19,973]	INFO	[eomisae.py:check_link:41]	>> check link
[2021-12-14 05:32:19,973]	INFO	[eomisae.py:check_link:41]	>> check link
[2021-12-14 05:34:29,149]	INFO	[eomisae.py:check_link:41]	>> check link
[2021-12-14 05:34:29,149]	INFO	[eomisae.py:check_link:41]	>> check link
[2021-12-14 05:36:34,891]	INFO	[eomisae.py:check_link:41]	>> check link
[2021-12-14 05:36:34,891]	INFO	[eomisae.py:check_link:41]	>> check link
[2021-12-14 05:38:35,764]	INFO	[eomisae.py:check_link:41]	>> check link
[2021-12-14 05:38:35,764]	INFO	[eomisae.py:check_link:41]	>> check link
[2021-12-14 05:40:36,921]	INFO	[eomisae.py:check_link:41]	>> check link
[2021-12-14 05:40:36,921]	INFO	[eomisae.py:check_link:41]	>> check link
[2021-12-14 05:42:37,565]	INFO	[eomisae.py:check_link:41]	>> check link
[2021-12-14 05:42:37,565]	INFO	[eomisae.py:check_link:41]	>> check link
[2021-12-14 05:44:38,235]	INFO	[eomisae.py:check_link:41]	>> check link
[2021-12-14 05:44:38,235]	INFO	[eomisae.py:check_link:41]	>> check link
[2021-12-14 05:46:39,014]	INFO	[eomisae.py:check_link:41]	>> check link
[2021-12-14 05:46:39,014]	INFO	[eomisae.py:check_link:41]	>> check link
[2021-12-14 05:48:39,943]	INFO	[eomisae.py:check_link:41]	>> check link
[2021-12-14 05:48:39,943]	INFO	[eomisae.py:check_link:41]	>> check link
[2021-12-14 05:50:49,811]	INFO	[eomisae.py:check_link:41]	>> check link
[2021-12-14 05:50:49,811]	INFO	[eomisae.py:check_link:41]	>> check link
[2021-12-14 05:52:54,681]	INFO	[eomisae.py:check_link:41]	>> check link
[2021-12-14 05:52:54,681]	INFO	[eomisae.py:check_link:41]	>> check link
[2021-12-14 05:55:08,202]	INFO	[eomisae.py:check_link:41]	>> check link
[2021-12-14 05:55:08,202]	INFO	[eomisae.py:check_link:41]	>> check link
[2021-12-14 05:57:12,779]	INFO	[eomisae.py:check_link:41]	>> check link
[2021-12-14 05:57:12,779]	INFO	[eomisae.py:check_link:41]	>> check link
[2021-12-14 05:59:14,246]	INFO	[eomisae.py:check_link:41]	>> check link
[2021-12-14 05:59:14,246]	INFO	[eomisae.py:check_link:41]	>> check link
[2021-12-14 06:01:14,967]	INFO	[eomisae.py:check_link:41]	>> check link
[2021-12-14 06:01:14,967]	INFO	[eomisae.py:check_link:41]	>> check link
[2021-12-14 06:03:15,995]	INFO	[eomisae.py:check_link:41]	>> check link
[2021-12-14 06:03:15,995]	INFO	[eomisae.py:check_link:41]	>> check link
[2021-12-14 06:05:17,235]	INFO	[eomisae.py:check_link:41]	>> check link
[2021-12-14 06:05:17,235]	INFO	[eomisae.py:check_link:41]	>> check link
[2021-12-14 06:07:18,697]	INFO	[eomisae.py:check_link:41]	>> check link
[2021-12-14 06:07:18,697]	INFO	[eomisae.py:check_link:41]	>> check link
[2021-12-14 06:09:19,144]	INFO	[eomisae.py:check_link:41]	>> check link
[2021-12-14 06:09:19,144]	INFO	[eomisae.py:check_link:41]	>> check link
[2021-12-14 06:11:19,949]	INFO	[eomisae.py:check_link:41]	>> check link
[2021-12-14 06:11:19,949]	INFO	[eomisae.py:check_link:41]	>> check link
[2021-12-14 06:13:20,417]	INFO	[eomisae.py:check_link:41]	>> check link
[2021-12-14 06:13:20,417]	INFO	[eomisae.py:check_link:41]	>> check link
[2021-12-14 06:15:20,920]	INFO	[eomisae.py:check_link:41]	>> check link
[2021-12-14 06:15:20,920]	INFO	[eomisae.py:check_link:41]	>> check link
[2021-12-14 06:17:28,036]	INFO	[eomisae.py:check_link:41]	>> check link
[2021-12-14 06:17:28,036]	INFO	[eomisae.py:check_link:41]	>> check link
[2021-12-14 06:19:35,147]	INFO	[eomisae.py:check_link:41]	>> check link
[2021-12-14 06:19:35,147]	INFO	[eomisae.py:check_link:41]	>> check link
[2021-12-14 06:21:42,904]	INFO	[eomisae.py:check_link:41]	>> check link
[2021-12-14 06:21:42,904]	INFO	[eomisae.py:check_link:41]	>> check link
[2021-12-14 06:23:50,756]	INFO	[eomisae.py:check_link:41]	>> check link
[2021-12-14 06:23:50,756]	INFO	[eomisae.py:check_link:41]	>> check link
[2021-12-14 06:25:57,544]	INFO	[eomisae.py:check_link:41]	>> check link
[2021-12-14 06:25:57,544]	INFO	[eomisae.py:check_link:41]	>> check link
[2021-12-14 06:27:58,338]	INFO	[eomisae.py:check_link:41]	>> check link
[2021-12-14 06:27:58,338]	INFO	[eomisae.py:check_link:41]	>> check link
[2021-12-14 06:30:00,788]	INFO	[eomisae.py:check_link:41]	>> check link
[2021-12-14 06:30:00,788]	INFO	[eomisae.py:check_link:41]	>> check link
[2021-12-14 06:32:07,671]	INFO	[eomisae.py:check_link:41]	>> check link
[2021-12-14 06:32:07,671]	INFO	[eomisae.py:check_link:41]	>> check link
[2021-12-14 06:34:14,450]	INFO	[eomisae.py:check_link:41]	>> check link
[2021-12-14 06:34:14,450]	INFO	[eomisae.py:check_link:41]	>> check link
[2021-12-14 06:36:15,584]	INFO	[eomisae.py:check_link:41]	>> check link
[2021-12-14 06:36:15,584]	INFO	[eomisae.py:check_link:41]	>> check link
[2021-12-14 06:38:28,027]	INFO	[eomisae.py:check_link:41]	>> check link
[2021-12-14 06:38:28,027]	INFO	[eomisae.py:check_link:41]	>> check link
[2021-12-14 06:40:35,806]	INFO	[eomisae.py:check_link:41]	>> check link
[2021-12-14 06:40:35,806]	INFO	[eomisae.py:check_link:41]	>> check link
[2021-12-14 06:42:43,566]	INFO	[eomisae.py:check_link:41]	>> check link
[2021-12-14 06:42:43,566]	INFO	[eomisae.py:check_link:41]	>> check link
[2021-12-14 06:44:54,293]	INFO	[eomisae.py:check_link:41]	>> check link
[2021-12-14 06:44:54,293]	INFO	[eomisae.py:check_link:41]	>> check link
[2021-12-14 06:46:57,353]	INFO	[eomisae.py:check_link:41]	>> check link
[2021-12-14 06:46:57,353]	INFO	[eomisae.py:check_link:41]	>> check link
[2021-12-14 06:49:35,237]	INFO	[eomisae.py:check_link:41]	>> check link
[2021-12-14 06:49:35,237]	INFO	[eomisae.py:check_link:41]	>> check link
[2021-12-14 06:51:46,976]	INFO	[eomisae.py:check_link:41]	>> check link
[2021-12-14 06:51:46,976]	INFO	[eomisae.py:check_link:41]	>> check link
[2021-12-14 06:53:54,640]	INFO	[eomisae.py:check_link:41]	>> check link
[2021-12-14 06:53:54,640]	INFO	[eomisae.py:check_link:41]	>> check link
[2021-12-14 06:56:00,026]	INFO	[eomisae.py:check_link:41]	>> check link
[2021-12-14 06:56:00,026]	INFO	[eomisae.py:check_link:41]	>> check link
[2021-12-14 06:58:05,667]	INFO	[eomisae.py:check_link:41]	>> check link
[2021-12-14 06:58:05,667]	INFO	[eomisae.py:check_link:41]	>> check link
[2021-12-14 07:00:06,108]	INFO	[eomisae.py:check_link:41]	>> check link
[2021-12-14 07:00:06,108]	INFO	[eomisae.py:check_link:41]	>> check link
[2021-12-14 07:02:06,818]	INFO	[eomisae.py:check_link:41]	>> check link
[2021-12-14 07:02:06,818]	INFO	[eomisae.py:check_link:41]	>> check link
[2021-12-14 07:04:12,702]	INFO	[eomisae.py:check_link:41]	>> check link
[2021-12-14 07:04:12,702]	INFO	[eomisae.py:check_link:41]	>> check link
[2021-12-14 07:06:13,432]	INFO	[eomisae.py:check_link:41]	>> check link
[2021-12-14 07:06:13,432]	INFO	[eomisae.py:check_link:41]	>> check link
[2021-12-14 07:08:14,510]	INFO	[eomisae.py:check_link:41]	>> check link
[2021-12-14 07:08:14,510]	INFO	[eomisae.py:check_link:41]	>> check link
[2021-12-14 07:10:15,544]	INFO	[eomisae.py:check_link:41]	>> check link
[2021-12-14 07:10:15,544]	INFO	[eomisae.py:check_link:41]	>> check link
[2021-12-14 07:12:16,644]	INFO	[eomisae.py:check_link:41]	>> check link
[2021-12-14 07:12:16,644]	INFO	[eomisae.py:check_link:41]	>> check link
[2021-12-14 07:14:19,648]	INFO	[eomisae.py:check_link:41]	>> check link
[2021-12-14 07:14:19,648]	INFO	[eomisae.py:check_link:41]	>> check link
[2021-12-14 07:16:22,841]	INFO	[eomisae.py:check_link:41]	>> check link
[2021-12-14 07:16:22,841]	INFO	[eomisae.py:check_link:41]	>> check link
[2021-12-14 07:18:23,278]	INFO	[eomisae.py:check_link:41]	>> check link
[2021-12-14 07:18:23,278]	INFO	[eomisae.py:check_link:41]	>> check link
[2021-12-14 07:20:24,401]	INFO	[eomisae.py:check_link:41]	>> check link
[2021-12-14 07:20:24,401]	INFO	[eomisae.py:check_link:41]	>> check link
[2021-12-14 07:22:25,255]	INFO	[eomisae.py:check_link:41]	>> check link
[2021-12-14 07:22:25,255]	INFO	[eomisae.py:check_link:41]	>> check link
[2021-12-14 07:24:26,565]	INFO	[eomisae.py:check_link:41]	>> check link
[2021-12-14 07:24:26,565]	INFO	[eomisae.py:check_link:41]	>> check link
[2021-12-14 07:26:42,804]	INFO	[eomisae.py:check_link:41]	>> check link
[2021-12-14 07:26:42,804]	INFO	[eomisae.py:check_link:41]	>> check link
[2021-12-14 07:28:49,907]	INFO	[eomisae.py:check_link:41]	>> check link
[2021-12-14 07:28:49,907]	INFO	[eomisae.py:check_link:41]	>> check link
[2021-12-14 07:31:36,203]	INFO	[eomisae.py:check_link:41]	>> check link
[2021-12-14 07:31:36,203]	INFO	[eomisae.py:check_link:41]	>> check link
[2021-12-14 07:33:45,866]	INFO	[eomisae.py:check_link:41]	>> check link
[2021-12-14 07:33:45,866]	INFO	[eomisae.py:check_link:41]	>> check link
[2021-12-14 07:35:57,609]	INFO	[eomisae.py:check_link:41]	>> check link
[2021-12-14 07:35:57,609]	INFO	[eomisae.py:check_link:41]	>> check link
[2021-12-14 07:38:04,117]	INFO	[eomisae.py:check_link:41]	>> check link
[2021-12-14 07:38:04,117]	INFO	[eomisae.py:check_link:41]	>> check link
[2021-12-14 07:40:17,632]	INFO	[eomisae.py:check_link:41]	>> check link
[2021-12-14 07:40:17,632]	INFO	[eomisae.py:check_link:41]	>> check link
[2021-12-14 07:42:30,589]	INFO	[eomisae.py:check_link:41]	>> check link
[2021-12-14 07:42:30,589]	INFO	[eomisae.py:check_link:41]	>> check link
[2021-12-14 07:44:36,343]	INFO	[eomisae.py:check_link:41]	>> check link
[2021-12-14 07:44:36,343]	INFO	[eomisae.py:check_link:41]	>> check link
[2021-12-14 07:46:37,496]	INFO	[eomisae.py:check_link:41]	>> check link
[2021-12-14 07:46:37,496]	INFO	[eomisae.py:check_link:41]	>> check link
[2021-12-14 07:48:38,524]	INFO	[eomisae.py:check_link:41]	>> check link
[2021-12-14 07:48:38,524]	INFO	[eomisae.py:check_link:41]	>> check link
[2021-12-14 07:50:39,465]	INFO	[eomisae.py:check_link:41]	>> check link
[2021-12-14 07:50:39,465]	INFO	[eomisae.py:check_link:41]	>> check link
[2021-12-14 07:52:40,532]	INFO	[eomisae.py:check_link:41]	>> check link
[2021-12-14 07:52:40,532]	INFO	[eomisae.py:check_link:41]	>> check link
[2021-12-14 07:54:41,421]	INFO	[eomisae.py:check_link:41]	>> check link
[2021-12-14 07:54:41,421]	INFO	[eomisae.py:check_link:41]	>> check link
[2021-12-14 07:56:42,282]	INFO	[eomisae.py:check_link:41]	>> check link
[2021-12-14 07:56:42,282]	INFO	[eomisae.py:check_link:41]	>> check link
[2021-12-14 07:58:43,232]	INFO	[eomisae.py:check_link:41]	>> check link
[2021-12-14 07:58:43,232]	INFO	[eomisae.py:check_link:41]	>> check link
[2021-12-14 08:00:44,202]	INFO	[eomisae.py:check_link:41]	>> check link
[2021-12-14 08:00:44,202]	INFO	[eomisae.py:check_link:41]	>> check link
[2021-12-14 08:02:45,105]	INFO	[eomisae.py:check_link:41]	>> check link
[2021-12-14 08:02:45,105]	INFO	[eomisae.py:check_link:41]	>> check link
[2021-12-14 08:04:46,025]	INFO	[eomisae.py:check_link:41]	>> check link
[2021-12-14 08:04:46,025]	INFO	[eomisae.py:check_link:41]	>> check link
[2021-12-14 08:06:46,895]	INFO	[eomisae.py:check_link:41]	>> check link
[2021-12-14 08:06:46,895]	INFO	[eomisae.py:check_link:41]	>> check link
[2021-12-14 08:08:47,757]	INFO	[eomisae.py:check_link:41]	>> check link
[2021-12-14 08:08:47,757]	INFO	[eomisae.py:check_link:41]	>> check link
[2021-12-14 08:10:48,651]	INFO	[eomisae.py:check_link:41]	>> check link
[2021-12-14 08:10:48,651]	INFO	[eomisae.py:check_link:41]	>> check link
[2021-12-14 08:12:49,226]	INFO	[eomisae.py:check_link:41]	>> check link
[2021-12-14 08:12:49,226]	INFO	[eomisae.py:check_link:41]	>> check link
[2021-12-14 08:14:49,840]	INFO	[eomisae.py:check_link:41]	>> check link
[2021-12-14 08:14:49,840]	INFO	[eomisae.py:check_link:41]	>> check link
[2021-12-14 08:16:50,408]	INFO	[eomisae.py:check_link:41]	>> check link
[2021-12-14 08:16:50,408]	INFO	[eomisae.py:check_link:41]	>> check link
[2021-12-14 08:18:51,067]	INFO	[eomisae.py:check_link:41]	>> check link
[2021-12-14 08:18:51,067]	INFO	[eomisae.py:check_link:41]	>> check link
[2021-12-14 08:20:52,954]	INFO	[eomisae.py:check_link:41]	>> check link
[2021-12-14 08:20:52,954]	INFO	[eomisae.py:check_link:41]	>> check link
[2021-12-14 08:22:53,457]	INFO	[eomisae.py:check_link:41]	>> check link
[2021-12-14 08:22:53,457]	INFO	[eomisae.py:check_link:41]	>> check link
[2021-12-14 08:24:54,113]	INFO	[eomisae.py:check_link:41]	>> check link
[2021-12-14 08:24:54,113]	INFO	[eomisae.py:check_link:41]	>> check link
[2021-12-14 08:26:54,633]	INFO	[eomisae.py:check_link:41]	>> check link
[2021-12-14 08:26:54,633]	INFO	[eomisae.py:check_link:41]	>> check link
[2021-12-14 08:28:55,243]	INFO	[eomisae.py:check_link:41]	>> check link
[2021-12-14 08:28:55,243]	INFO	[eomisae.py:check_link:41]	>> check link
[2021-12-14 08:30:56,100]	INFO	[eomisae.py:check_link:41]	>> check link
[2021-12-14 08:30:56,100]	INFO	[eomisae.py:check_link:41]	>> check link
[2021-12-14 08:32:56,717]	INFO	[eomisae.py:check_link:41]	>> check link
[2021-12-14 08:32:56,717]	INFO	[eomisae.py:check_link:41]	>> check link
[2021-12-14 08:34:57,250]	INFO	[eomisae.py:check_link:41]	>> check link
[2021-12-14 08:34:57,250]	INFO	[eomisae.py:check_link:41]	>> check link
[2021-12-14 08:36:57,759]	INFO	[eomisae.py:check_link:41]	>> check link
[2021-12-14 08:36:57,759]	INFO	[eomisae.py:check_link:41]	>> check link
[2021-12-14 08:38:58,235]	INFO	[eomisae.py:check_link:41]	>> check link
[2021-12-14 08:38:58,235]	INFO	[eomisae.py:check_link:41]	>> check link
[2021-12-14 08:40:58,814]	INFO	[eomisae.py:check_link:41]	>> check link
[2021-12-14 08:40:58,814]	INFO	[eomisae.py:check_link:41]	>> check link
[2021-12-14 08:42:59,286]	INFO	[eomisae.py:check_link:41]	>> check link
[2021-12-14 08:42:59,286]	INFO	[eomisae.py:check_link:41]	>> check link
[2021-12-14 08:44:59,778]	INFO	[eomisae.py:check_link:41]	>> check link
[2021-12-14 08:44:59,778]	INFO	[eomisae.py:check_link:41]	>> check link
[2021-12-14 08:47:00,303]	INFO	[eomisae.py:check_link:41]	>> check link
[2021-12-14 08:47:00,303]	INFO	[eomisae.py:check_link:41]	>> check link
[2021-12-14 08:49:00,846]	INFO	[eomisae.py:check_link:41]	>> check link
[2021-12-14 08:49:00,846]	INFO	[eomisae.py:check_link:41]	>> check link
[2021-12-14 08:50:49,090]	ERROR	[start_raffle.py:handle_exception:16]	>> Unexpected exception
Traceback (most recent call last):
  File "/Users/thkim/Coding/raffle/start_raffle.py", line 32, in <module>
    eomisae.run()
KeyboardInterrupt
[2021-12-14 08:50:49,090]	ERROR	[start_raffle.py:handle_exception:16]	>> Unexpected exception
Traceback (most recent call last):
  File "/Users/thkim/Coding/raffle/start_raffle.py", line 32, in <module>
    eomisae.run()
KeyboardInterrupt
[2021-12-14 08:51:04,512]	INFO	[eomisae.py:init_link:22]	>> start init link
[2021-12-14 08:51:04,512]	INFO	[eomisae.py:init_link:22]	>> start init link
[2021-12-14 08:51:04,512]	INFO	[eomisae.py:init_link:22]	>> start init link
[2021-12-14 08:51:04,768]	INFO	[sneakerhouse.py:init_link:21]	>> init_link
[2021-12-14 08:51:04,768]	INFO	[sneakerhouse.py:init_link:21]	>> init_link
[2021-12-14 08:51:04,768]	INFO	[sneakerhouse.py:init_link:21]	>> init_link
[2021-12-14 08:53:04,972]	INFO	[eomisae.py:check_link:41]	>> check link
[2021-12-14 08:53:04,972]	INFO	[eomisae.py:check_link:41]	>> check link
[2021-12-14 08:53:04,972]	INFO	[eomisae.py:check_link:41]	>> check link
[2021-12-14 08:55:05,573]	INFO	[eomisae.py:check_link:41]	>> check link
[2021-12-14 08:55:05,573]	INFO	[eomisae.py:check_link:41]	>> check link
[2021-12-14 08:55:05,573]	INFO	[eomisae.py:check_link:41]	>> check link
[2021-12-14 08:57:06,101]	INFO	[eomisae.py:check_link:41]	>> check link
[2021-12-14 08:57:06,101]	INFO	[eomisae.py:check_link:41]	>> check link
[2021-12-14 08:57:06,101]	INFO	[eomisae.py:check_link:41]	>> check link
[2021-12-14 08:59:06,618]	INFO	[eomisae.py:check_link:41]	>> check link
[2021-12-14 08:59:06,618]	INFO	[eomisae.py:check_link:41]	>> check link
[2021-12-14 08:59:06,618]	INFO	[eomisae.py:check_link:41]	>> check link
[2021-12-14 08:59:24,790]	ERROR	[start_raffle.py:handle_exception:17]	>> Unexpected exception
Traceback (most recent call last):
  File "/Users/thkim/Coding/raffle/start_raffle.py", line 37, in <module>
    time.sleep(1)
KeyboardInterrupt
[2021-12-14 08:59:24,790]	ERROR	[start_raffle.py:handle_exception:17]	>> Unexpected exception
Traceback (most recent call last):
  File "/Users/thkim/Coding/raffle/start_raffle.py", line 37, in <module>
    time.sleep(1)
KeyboardInterrupt
[2021-12-14 08:59:24,790]	ERROR	[start_raffle.py:handle_exception:17]	>> Unexpected exception
Traceback (most recent call last):
  File "/Users/thkim/Coding/raffle/start_raffle.py", line 37, in <module>
    time.sleep(1)
KeyboardInterrupt
[2021-12-14 08:59:39,917]	INFO	[eomisae.py:init_link:23]	>> start init link
[2021-12-14 08:59:39,917]	INFO	[eomisae.py:init_link:23]	>> start init link
[2021-12-14 08:59:39,917]	INFO	[eomisae.py:init_link:23]	>> start init link
[2021-12-14 08:59:40,132]	INFO	[sneakerhouse.py:init_link:22]	>> init_link
[2021-12-14 08:59:40,132]	INFO	[sneakerhouse.py:init_link:22]	>> init_link
[2021-12-14 08:59:40,132]	INFO	[sneakerhouse.py:init_link:22]	>> init_link
[2021-12-14 09:01:40,507]	INFO	[eomisae.py:check_link:42]	>> check link
[2021-12-14 09:01:40,507]	INFO	[eomisae.py:check_link:42]	>> check link
[2021-12-14 09:01:40,507]	INFO	[eomisae.py:check_link:42]	>> check link
[2021-12-14 09:01:41,761]	INFO	[sneakerhouse.py:check_link:49]	>> check link
[2021-12-14 09:01:41,761]	INFO	[sneakerhouse.py:check_link:49]	>> check link
[2021-12-14 09:01:41,761]	INFO	[sneakerhouse.py:check_link:49]	>> check link
[2021-12-14 09:03:42,721]	INFO	[eomisae.py:check_link:42]	>> check link
[2021-12-14 09:03:42,721]	INFO	[eomisae.py:check_link:42]	>> check link
[2021-12-14 09:03:42,721]	INFO	[eomisae.py:check_link:42]	>> check link
[2021-12-14 09:03:45,907]	INFO	[sneakerhouse.py:check_link:49]	>> check link
[2021-12-14 09:03:45,907]	INFO	[sneakerhouse.py:check_link:49]	>> check link
[2021-12-14 09:03:45,907]	INFO	[sneakerhouse.py:check_link:49]	>> check link
[2021-12-14 09:05:43,760]	INFO	[eomisae.py:check_link:42]	>> check link
[2021-12-14 09:05:43,760]	INFO	[eomisae.py:check_link:42]	>> check link
[2021-12-14 09:05:43,760]	INFO	[eomisae.py:check_link:42]	>> check link
[2021-12-14 09:05:48,984]	INFO	[sneakerhouse.py:check_link:49]	>> check link
[2021-12-14 09:05:48,984]	INFO	[sneakerhouse.py:check_link:49]	>> check link
[2021-12-14 09:05:48,984]	INFO	[sneakerhouse.py:check_link:49]	>> check link
[2021-12-14 09:05:49,017]	ERROR	[start_raffle.py:handle_exception:17]	>> Unexpected exception
Traceback (most recent call last):
  File "/Users/thkim/Coding/raffle/start_raffle.py", line 36, in <module>
    schedule.run_pending()
  File "/Users/thkim/opt/anaconda3/lib/python3.9/site-packages/schedule/__init__.py", line 780, in run_pending
    default_scheduler.run_pending()
  File "/Users/thkim/opt/anaconda3/lib/python3.9/site-packages/schedule/__init__.py", line 100, in run_pending
    self._run_job(job)
  File "/Users/thkim/opt/anaconda3/lib/python3.9/site-packages/schedule/__init__.py", line 172, in _run_job
    ret = job.run()
  File "/Users/thkim/opt/anaconda3/lib/python3.9/site-packages/schedule/__init__.py", line 661, in run
    ret = self.job_func()
  File "/Users/thkim/Coding/raffle/sneakerhouse.py", line 99, in run
    check_link(driver)
  File "/Users/thkim/Coding/raffle/sneakerhouse.py", line 58, in check_link
    del titles[0]
IndexError: list assignment index out of range
[2021-12-14 09:05:49,017]	ERROR	[start_raffle.py:handle_exception:17]	>> Unexpected exception
Traceback (most recent call last):
  File "/Users/thkim/Coding/raffle/start_raffle.py", line 36, in <module>
    schedule.run_pending()
  File "/Users/thkim/opt/anaconda3/lib/python3.9/site-packages/schedule/__init__.py", line 780, in run_pending
    default_scheduler.run_pending()
  File "/Users/thkim/opt/anaconda3/lib/python3.9/site-packages/schedule/__init__.py", line 100, in run_pending
    self._run_job(job)
  File "/Users/thkim/opt/anaconda3/lib/python3.9/site-packages/schedule/__init__.py", line 172, in _run_job
    ret = job.run()
  File "/Users/thkim/opt/anaconda3/lib/python3.9/site-packages/schedule/__init__.py", line 661, in run
    ret = self.job_func()
  File "/Users/thkim/Coding/raffle/sneakerhouse.py", line 99, in run
    check_link(driver)
  File "/Users/thkim/Coding/raffle/sneakerhouse.py", line 58, in check_link
    del titles[0]
IndexError: list assignment index out of range
[2021-12-14 09:05:49,017]	ERROR	[start_raffle.py:handle_exception:17]	>> Unexpected exception
Traceback (most recent call last):
  File "/Users/thkim/Coding/raffle/start_raffle.py", line 36, in <module>
    schedule.run_pending()
  File "/Users/thkim/opt/anaconda3/lib/python3.9/site-packages/schedule/__init__.py", line 780, in run_pending
    default_scheduler.run_pending()
  File "/Users/thkim/opt/anaconda3/lib/python3.9/site-packages/schedule/__init__.py", line 100, in run_pending
    self._run_job(job)
  File "/Users/thkim/opt/anaconda3/lib/python3.9/site-packages/schedule/__init__.py", line 172, in _run_job
    ret = job.run()
  File "/Users/thkim/opt/anaconda3/lib/python3.9/site-packages/schedule/__init__.py", line 661, in run
    ret = self.job_func()
  File "/Users/thkim/Coding/raffle/sneakerhouse.py", line 99, in run
    check_link(driver)
  File "/Users/thkim/Coding/raffle/sneakerhouse.py", line 58, in check_link
    del titles[0]
IndexError: list assignment index out of range
[2021-12-14 09:09:56,116]	ERROR	[start_raffle.py:handle_exception:17]	>> Unexpected exception
Traceback (most recent call last):
  File "/Users/thkim/Coding/raffle/start_raffle.py", line 25, in <module>
    driver = open_chrome.connect()
  File "/Users/thkim/Coding/raffle/open_chrome.py", line 24, in connect
    time.sleep(10)
KeyboardInterrupt
[2021-12-14 09:09:56,116]	ERROR	[start_raffle.py:handle_exception:17]	>> Unexpected exception
Traceback (most recent call last):
  File "/Users/thkim/Coding/raffle/start_raffle.py", line 25, in <module>
    driver = open_chrome.connect()
  File "/Users/thkim/Coding/raffle/open_chrome.py", line 24, in connect
    time.sleep(10)
KeyboardInterrupt
[2021-12-14 09:09:56,116]	ERROR	[start_raffle.py:handle_exception:17]	>> Unexpected exception
Traceback (most recent call last):
  File "/Users/thkim/Coding/raffle/start_raffle.py", line 25, in <module>
    driver = open_chrome.connect()
  File "/Users/thkim/Coding/raffle/open_chrome.py", line 24, in connect
    time.sleep(10)
KeyboardInterrupt
[2021-12-14 09:10:17,877]	INFO	[eomisae.py:init_link:23]	>> start init link
[2021-12-14 09:10:17,877]	INFO	[eomisae.py:init_link:23]	>> start init link
[2021-12-14 09:10:17,877]	INFO	[eomisae.py:init_link:23]	>> start init link
[2021-12-14 09:10:18,084]	INFO	[sneakerhouse.py:init_link:22]	>> init_link
[2021-12-14 09:10:18,084]	INFO	[sneakerhouse.py:init_link:22]	>> init_link
[2021-12-14 09:10:18,084]	INFO	[sneakerhouse.py:init_link:22]	>> init_link
[2021-12-14 09:12:18,308]	INFO	[eomisae.py:check_link:42]	>> check link
[2021-12-14 09:12:18,308]	INFO	[eomisae.py:check_link:42]	>> check link
[2021-12-14 09:12:18,308]	INFO	[eomisae.py:check_link:42]	>> check link
[2021-12-14 09:12:19,680]	INFO	[sneakerhouse.py:check_link:49]	>> check link
[2021-12-14 09:12:19,680]	INFO	[sneakerhouse.py:check_link:49]	>> check link
[2021-12-14 09:12:19,680]	INFO	[sneakerhouse.py:check_link:49]	>> check link
